// Jest Snapshot v1, https://goo.gl/fbAQLP

exports[`VoiceSearchHelper has initial state correctly 1`] = `
Object {
  "errorCode": undefined,
  "isSpeechFinal": undefined,
  "status": "initial",
  "transcript": "",
}
`;
