// Jest Snapshot v1, https://goo.gl/fbAQLP

exports[`connectPagination getWidgetState should add an entry equal to the refinement 1`] = `
Object {
  "page": 5,
}
`;
