// Jest Snapshot v1, https://goo.gl/fbAQLP

exports[`breadcrumb() render renders transformed items correctly 1`] = `
{
  "canRefine": true,
  "createURL": [Function],
  "cssClasses": {
    "item": "ais-Breadcrumb-item",
    "link": "ais-Breadcrumb-link",
    "list": "ais-Breadcrumb-list",
    "noRefinementRoot": "ais-Breadcrumb--noRefinement",
    "root": "ais-Breadcrumb",
    "selectedItem": "ais-Breadcrumb-item--selected",
    "separator": "ais-Breadcrumb-separator",
  },
  "items": [
    {
      "label": "Cameras & Camcorders",
      "transformed": true,
      "value": "Cameras & Camcorders > Digital Cameras",
    },
    {
      "label": "Digital Cameras",
      "transformed": true,
      "value": null,
    },
  ],
  "refine": [Function],
  "templateProps": {
    "templates": {
      "home": [Function],
      "separator": [Function],
    },
    "templatesConfig": {},
    "useCustomCompileOptions": {
      "home": false,
      "separator": false,
    },
  },
}
`;
