// Jest Snapshot v1, https://goo.gl/fbAQLP

exports[`InstantSearch lifecycle when adding a widget when we call search.start when we have results calls widget.render({results, state, helper, templatesConfig, instantSearchInstance}) 1`] = `
Array [
  Object {
    "createURL": [Function],
    "helper": AlgoliaSearchHelper {
      "_currentNbQueries": 0,
      "_events": Object {
        "error": [Function],
        "result": [Function],
        "search": [Function],
      },
      "_eventsCount": 3,
      "_lastQueryIdReceived": -1,
      "_queryId": 0,
      "client": Object {
        "algolia": "client",
      },
      "derivedHelpers": Array [],
      "lastResults": null,
      "search": [Function],
      "state": SearchParameters {
        "advancedSyntax": undefined,
        "allowTyposOnNumericTokens": undefined,
        "analytics": undefined,
        "analyticsTags": undefined,
        "aroundLatLng": undefined,
        "aroundLatLngViaIP": undefined,
        "aroundPrecision": undefined,
        "aroundRadius": undefined,
        "attributesToHighlight": undefined,
        "attributesToRetrieve": undefined,
        "attributesToSnippet": undefined,
        "disableExactOnAttributes": undefined,
        "disjunctiveFacets": Array [],
        "disjunctiveFacetsRefinements": Object {},
        "distinct": undefined,
        "enableExactOnSingleWordQuery": undefined,
        "facets": Array [],
        "facetsExcludes": Object {},
        "facetsRefinements": Object {},
        "getRankingInfo": undefined,
        "hierarchicalFacets": Array [],
        "hierarchicalFacetsRefinements": Object {},
        "highlightPostTag": undefined,
        "highlightPreTag": undefined,
        "hitsPerPage": undefined,
        "ignorePlurals": undefined,
        "index": "",
        "insideBoundingBox": undefined,
        "insidePolygon": undefined,
        "length": undefined,
        "maxValuesPerFacet": undefined,
        "minProximity": undefined,
        "minWordSizefor1Typo": undefined,
        "minWordSizefor2Typos": undefined,
        "minimumAroundRadius": undefined,
        "numericFilters": undefined,
        "numericRefinements": Object {},
        "offset": undefined,
        "optionalFacetFilters": undefined,
        "optionalTagFilters": undefined,
        "optionalWords": undefined,
        "page": 0,
        "query": "",
        "queryType": undefined,
        "removeWordsIfNoResults": undefined,
        "replaceSynonymsInHighlight": undefined,
        "restrictSearchableAttributes": undefined,
        "sendMeToUrlSync": true,
        "snippetEllipsisText": undefined,
        "synonyms": undefined,
        "tagFilters": undefined,
        "tagRefinements": Array [],
        "typoTolerance": undefined,
      },
    },
    "instantSearchInstance": InstantSearch {
      "_createAbsoluteURL": [Function],
      "_createURL": [Function],
      "_events": Object {},
      "_eventsCount": 0,
      "_isSearchStalled": false,
      "_maxListeners": undefined,
      "_onHistoryChange": [Function],
      "_searchStalledTimer": null,
      "_stalledSearchDelay": 200,
      "client": Object {
        "algolia": "client",
      },
      "helper": AlgoliaSearchHelper {
        "_currentNbQueries": 0,
        "_events": Object {
          "error": [Function],
          "result": [Function],
          "search": [Function],
        },
        "_eventsCount": 3,
        "_lastQueryIdReceived": -1,
        "_queryId": 0,
        "client": Object {
          "algolia": "client",
        },
        "derivedHelpers": Array [],
        "lastResults": null,
        "search": [Function],
        "state": SearchParameters {
          "advancedSyntax": undefined,
          "allowTyposOnNumericTokens": undefined,
          "analytics": undefined,
          "analyticsTags": undefined,
          "aroundLatLng": undefined,
          "aroundLatLngViaIP": undefined,
          "aroundPrecision": undefined,
          "aroundRadius": undefined,
          "attributesToHighlight": undefined,
          "attributesToRetrieve": undefined,
          "attributesToSnippet": undefined,
          "disableExactOnAttributes": undefined,
          "disjunctiveFacets": Array [],
          "disjunctiveFacetsRefinements": Object {},
          "distinct": undefined,
          "enableExactOnSingleWordQuery": undefined,
          "facets": Array [],
          "facetsExcludes": Object {},
          "facetsRefinements": Object {},
          "getRankingInfo": undefined,
          "hierarchicalFacets": Array [],
          "hierarchicalFacetsRefinements": Object {},
          "highlightPostTag": undefined,
          "highlightPreTag": undefined,
          "hitsPerPage": undefined,
          "ignorePlurals": undefined,
          "index": "",
          "insideBoundingBox": undefined,
          "insidePolygon": undefined,
          "length": undefined,
          "maxValuesPerFacet": undefined,
          "minProximity": undefined,
          "minWordSizefor1Typo": undefined,
          "minWordSizefor2Typos": undefined,
          "minimumAroundRadius": undefined,
          "numericFilters": undefined,
          "numericRefinements": Object {},
          "offset": undefined,
          "optionalFacetFilters": undefined,
          "optionalTagFilters": undefined,
          "optionalWords": undefined,
          "page": 0,
          "query": "",
          "queryType": undefined,
          "removeWordsIfNoResults": undefined,
          "replaceSynonymsInHighlight": undefined,
          "restrictSearchableAttributes": undefined,
          "sendMeToUrlSync": true,
          "snippetEllipsisText": undefined,
          "synonyms": undefined,
          "tagFilters": undefined,
          "tagRefinements": Array [],
          "typoTolerance": undefined,
        },
      },
      "indexName": "lifecycle",
      "searchParameters": Object {
        "another": Object {
          "config": "parameter",
          "different": "parameter",
        },
        "index": "lifecycle",
        "some": "modified",
        "values": Array [
          -2,
          -1,
        ],
      },
      "started": true,
      "templatesConfig": Object {
        "compileOptions": Object {},
        "helpers": Object {
          "formatNumber": [Function],
        },
      },
      "urlSync": Object {},
      "widgets": Array [
        Object {
          "getConfiguration": [Function],
          "init": [Function],
          "render": [Function],
        },
        Object {
          "createURL": [Function],
          "getConfiguration": [Function],
          "onHistoryChange": [Function],
          "render": [Function],
        },
      ],
    },
    "results": Object {
      "some": "data",
    },
    "searchMetadata": Object {
      "isSearchStalled": false,
    },
    "state": SearchParameters {
      "advancedSyntax": undefined,
      "allowTyposOnNumericTokens": undefined,
      "analytics": undefined,
      "analyticsTags": undefined,
      "aroundLatLng": undefined,
      "aroundLatLngViaIP": undefined,
      "aroundPrecision": undefined,
      "aroundRadius": undefined,
      "attributesToHighlight": undefined,
      "attributesToRetrieve": undefined,
      "attributesToSnippet": undefined,
      "disableExactOnAttributes": undefined,
      "disjunctiveFacets": Array [],
      "disjunctiveFacetsRefinements": Object {},
      "distinct": undefined,
      "enableExactOnSingleWordQuery": undefined,
      "facets": Array [],
      "facetsExcludes": Object {},
      "facetsRefinements": Object {},
      "getRankingInfo": undefined,
      "hierarchicalFacets": Array [],
      "hierarchicalFacetsRefinements": Object {},
      "highlightPostTag": undefined,
      "highlightPreTag": undefined,
      "hitsPerPage": undefined,
      "ignorePlurals": undefined,
      "index": "",
      "insideBoundingBox": undefined,
      "insidePolygon": undefined,
      "length": undefined,
      "maxValuesPerFacet": undefined,
      "minProximity": undefined,
      "minWordSizefor1Typo": undefined,
      "minWordSizefor2Typos": undefined,
      "minimumAroundRadius": undefined,
      "numericFilters": undefined,
      "numericRefinements": Object {},
      "offset": undefined,
      "optionalFacetFilters": undefined,
      "optionalTagFilters": undefined,
      "optionalWords": undefined,
      "page": 0,
      "query": "",
      "queryType": undefined,
      "removeWordsIfNoResults": undefined,
      "replaceSynonymsInHighlight": undefined,
      "restrictSearchableAttributes": undefined,
      "sendMeToUrlSync": true,
      "snippetEllipsisText": undefined,
      "synonyms": undefined,
      "tagFilters": undefined,
      "tagRefinements": Array [],
      "typoTolerance": undefined,
    },
    "templatesConfig": Object {
      "compileOptions": Object {},
      "helpers": Object {
        "formatNumber": [Function],
      },
    },
  },
]
`;
