// Jest Snapshot v1, https://goo.gl/fbAQLP

exports[`voiceSearch() Rendering renders during init() 1`] = `
{
  "cssClasses": {
    "button": "ais-VoiceSearch-button",
    "root": "ais-VoiceSearch",
    "status": "ais-VoiceSearch-status",
  },
  "isBrowserSupported": false,
  "isListening": false,
  "templates": {
    "buttonText": [Function],
    "status": [Function],
  },
  "toggleListening": [Function],
  "voiceListeningState": {
    "errorCode": undefined,
    "isSpeechFinal": false,
    "status": "initial",
    "transcript": "",
  },
}
`;

exports[`voiceSearch() Rendering renders during render() 1`] = `
{
  "cssClasses": {
    "button": "ais-VoiceSearch-button",
    "root": "ais-VoiceSearch",
    "status": "ais-VoiceSearch-status",
  },
  "isBrowserSupported": false,
  "isListening": false,
  "templates": {
    "buttonText": [Function],
    "status": [Function],
  },
  "toggleListening": [Function],
  "voiceListeningState": {
    "errorCode": undefined,
    "isSpeechFinal": false,
    "status": "initial",
    "transcript": "",
  },
}
`;

exports[`voiceSearch() Rendering renders during render() 2`] = `
{
  "cssClasses": {
    "button": "ais-VoiceSearch-button",
    "root": "ais-VoiceSearch",
    "status": "ais-VoiceSearch-status",
  },
  "isBrowserSupported": false,
  "isListening": false,
  "templates": {
    "buttonText": [Function],
    "status": [Function],
  },
  "toggleListening": [Function],
  "voiceListeningState": {
    "errorCode": undefined,
    "isSpeechFinal": false,
    "status": "initial",
    "transcript": "",
  },
}
`;

exports[`voiceSearch() Rendering sets the correct CSS classes 1`] = `
{
  "button": "ais-VoiceSearch-button",
  "root": "ais-VoiceSearch",
  "status": "ais-VoiceSearch-status",
}
`;
