// Jest Snapshot v1, https://goo.gl/fbAQLP

exports[`ratingMenu() calls twice render(<RefinementList props />, container) 1`] = `
{
  "createURL": [Function],
  "cssClasses": {
    "count": "ais-RatingMenu-count",
    "disabledItem": "ais-RatingMenu-item--disabled",
    "emptyStarIcon": "ais-RatingMenu-starIcon--empty",
    "fullStarIcon": "ais-RatingMenu-starIcon--full",
    "item": "ais-RatingMenu-item",
    "label": "ais-RatingMenu-label",
    "link": "ais-RatingMenu-link",
    "list": "ais-RatingMenu-list",
    "noRefinementRoot": "ais-RatingMenu--noRefinement",
    "root": "ais-RatingMenu",
    "selectedItem": "ais-RatingMenu-item--selected",
    "starIcon": "ais-RatingMenu-starIcon",
  },
  "depth": 0,
  "facetValues": [
    {
      "count": 0,
      "isRefined": false,
      "label": "4",
      "name": "4",
      "stars": [
        true,
        true,
        true,
        true,
        false,
      ],
      "value": "4",
    },
    {
      "count": 0,
      "isRefined": false,
      "label": "3",
      "name": "3",
      "stars": [
        true,
        true,
        true,
        false,
        false,
      ],
      "value": "3",
    },
    {
      "count": 0,
      "isRefined": false,
      "label": "2",
      "name": "2",
      "stars": [
        true,
        true,
        false,
        false,
        false,
      ],
      "value": "2",
    },
    {
      "count": 0,
      "isRefined": false,
      "label": "1",
      "name": "1",
      "stars": [
        true,
        false,
        false,
        false,
        false,
      ],
      "value": "1",
    },
  ],
  "templateProps": {
    "templates": {
      "item": "{{#count}}<a class=\\"{{cssClasses.link}}\\" aria-label=\\"{{value}} & up\\" href=\\"{{url}}\\">{{/count}}{{^count}}<div class=\\"{{cssClasses.link}}\\" aria-label=\\"{{value}} & up\\" disabled>{{/count}}
  {{#stars}}<svg class=\\"{{cssClasses.starIcon}} {{#.}}{{cssClasses.fullStarIcon}}{{/.}}{{^.}}{{cssClasses.emptyStarIcon}}{{/.}}\\" aria-hidden=\\"true\\" width=\\"24\\" height=\\"24\\">
    {{#.}}<use xlink:href=\\"#ais-RatingMenu-starSymbol\\"></use>{{/.}}{{^.}}<use xlink:href=\\"#ais-RatingMenu-starEmptySymbol\\"></use>{{/.}}
  </svg>{{/stars}}
  <span class=\\"{{cssClasses.label}}\\">& Up</span>
  {{#count}}<span class=\\"{{cssClasses.count}}\\">{{#helpers.formatNumber}}{{count}}{{/helpers.formatNumber}}</span>{{/count}}
{{#count}}</a>{{/count}}{{^count}}</div>{{/count}}",
    },
    "templatesConfig": undefined,
    "useCustomCompileOptions": {
      "item": false,
    },
  },
  "toggleRefinement": [Function],
}
`;
