// Jest Snapshot v1, https://goo.gl/fbAQLP

exports[`pagination() calls twice ReactDOM.render(<Pagination props />, container) 1`] = `
<Pagination
  createURL={[Function]}
  cssClasses={
    Object {
      "disabledItem": "ais-Pagination-item--disabled",
      "firstPageItem": "ais-Pagination-item--firstPage",
      "item": "ais-Pagination-item item",
      "lastPageItem": "ais-Pagination-item--lastPage",
      "link": "ais-Pagination-link link",
      "list": "ais-Pagination-list",
      "nextPageItem": "ais-Pagination-item--nextPage",
      "noRefinementRoot": "ais-Pagination--noRefinement",
      "pageItem": "ais-Pagination-item--page",
      "previousPageItem": "ais-Pagination-item--previousPage",
      "root": "ais-Pagination root cx",
      "selectedItem": "ais-Pagination-item--selected",
    }
  }
  currentPage={0}
  isFirstPage={true}
  isLastPage={false}
  labels={
    Object {
      "first": "«",
      "last": "»",
      "next": "›",
      "previous": "‹",
    }
  }
  nbHits={200}
  nbPages={20}
  pages={
    Array [
      0,
      1,
      2,
      3,
      4,
      5,
      6,
    ]
  }
  setCurrentPage={[Function]}
  showFirst={true}
  showLast={true}
  showNext={true}
  showPrevious={true}
/>
`;

exports[`pagination() calls twice ReactDOM.render(<Pagination props />, container) 2`] = `
<Pagination
  createURL={[Function]}
  cssClasses={
    Object {
      "disabledItem": "ais-Pagination-item--disabled",
      "firstPageItem": "ais-Pagination-item--firstPage",
      "item": "ais-Pagination-item item",
      "lastPageItem": "ais-Pagination-item--lastPage",
      "link": "ais-Pagination-link link",
      "list": "ais-Pagination-list",
      "nextPageItem": "ais-Pagination-item--nextPage",
      "noRefinementRoot": "ais-Pagination--noRefinement",
      "pageItem": "ais-Pagination-item--page",
      "previousPageItem": "ais-Pagination-item--previousPage",
      "root": "ais-Pagination root cx",
      "selectedItem": "ais-Pagination-item--selected",
    }
  }
  currentPage={0}
  isFirstPage={true}
  isLastPage={false}
  labels={
    Object {
      "first": "«",
      "last": "»",
      "next": "›",
      "previous": "‹",
    }
  }
  nbHits={200}
  nbPages={20}
  pages={
    Array [
      0,
      1,
      2,
      3,
      4,
      5,
      6,
    ]
  }
  setCurrentPage={[Function]}
  showFirst={true}
  showLast={true}
  showNext={true}
  showPrevious={true}
/>
`;
