// Jest Snapshot v1, https://goo.gl/fbAQLP

exports[`getServerState returns initialResults 1`] = `
{
  "instant_search": {
    "results": [
      {
        "exhaustiveFacetsCount": true,
        "exhaustiveNbHits": true,
        "hits": [],
        "hitsPerPage": 20,
        "index": "instant_search",
        "nbHits": 0,
        "nbPages": 0,
        "page": 0,
        "params": "clickAnalytics=true&facetFilters=%5B%5B%22brand%3AApple%22%5D%5D&facets=%5B%22brand%22%5D&highlightPostTag=__%2Fais-highlight__&highlightPreTag=__ais-highlight__&maxValuesPerFacet=10&query=iphone&tagFilters=",
        "processingTimeMS": 0,
        "query": "",
      },
      {
        "exhaustiveFacetsCount": true,
        "exhaustiveNbHits": true,
        "hits": [],
        "hitsPerPage": 20,
        "index": "instant_search",
        "nbHits": 0,
        "nbPages": 0,
        "page": 0,
        "params": "analytics=false&clickAnalytics=false&facets=brand&highlightPostTag=__%2Fais-highlight__&highlightPreTag=__ais-highlight__&hitsPerPage=0&maxValuesPerFacet=10&page=0&query=iphone",
        "processingTimeMS": 0,
        "query": "",
      },
    ],
    "state": {
      "clickAnalytics": true,
      "disjunctiveFacets": [
        "brand",
      ],
      "disjunctiveFacetsRefinements": {
        "brand": [
          "Apple",
        ],
      },
      "facets": [],
      "facetsExcludes": {},
      "facetsRefinements": {},
      "hierarchicalFacets": [],
      "hierarchicalFacetsRefinements": {},
      "highlightPostTag": "__/ais-highlight__",
      "highlightPreTag": "__ais-highlight__",
      "index": "instant_search",
      "maxValuesPerFacet": 10,
      "numericRefinements": {},
      "query": "iphone",
      "tagRefinements": [],
    },
  },
  "instant_search_price_asc": {
    "results": [
      {
        "exhaustiveFacetsCount": true,
        "exhaustiveNbHits": true,
        "hits": [],
        "hitsPerPage": 20,
        "index": "instant_search_price_asc",
        "nbHits": 0,
        "nbPages": 0,
        "page": 0,
        "params": "clickAnalytics=true&facetFilters=%5B%5B%22brand%3AApple%22%5D%5D&facets=%5B%22brand%22%5D&highlightPostTag=__%2Fais-highlight__&highlightPreTag=__ais-highlight__&maxValuesPerFacet=10&query=iphone&tagFilters=",
        "processingTimeMS": 0,
        "query": "",
      },
      {
        "exhaustiveFacetsCount": true,
        "exhaustiveNbHits": true,
        "hits": [],
        "hitsPerPage": 20,
        "index": "instant_search_price_asc",
        "nbHits": 0,
        "nbPages": 0,
        "page": 0,
        "params": "analytics=false&clickAnalytics=false&facets=brand&highlightPostTag=__%2Fais-highlight__&highlightPreTag=__ais-highlight__&hitsPerPage=0&maxValuesPerFacet=10&page=0&query=iphone",
        "processingTimeMS": 0,
        "query": "",
      },
    ],
    "state": {
      "disjunctiveFacets": [],
      "disjunctiveFacetsRefinements": {},
      "facets": [],
      "facetsExcludes": {},
      "facetsRefinements": {},
      "hierarchicalFacets": [],
      "hierarchicalFacetsRefinements": {},
      "highlightPostTag": "__/ais-highlight__",
      "highlightPreTag": "__ais-highlight__",
      "index": "instant_search_price_asc",
      "numericRefinements": {},
      "tagRefinements": [],
    },
  },
  "instant_search_price_desc": {
    "results": [
      {
        "exhaustiveFacetsCount": true,
        "exhaustiveNbHits": true,
        "hits": [],
        "hitsPerPage": 20,
        "index": "instant_search_price_desc",
        "nbHits": 0,
        "nbPages": 0,
        "page": 0,
        "params": "clickAnalytics=true&facetFilters=%5B%5B%22brand%3AApple%22%5D%5D&facets=%5B%22brand%22%5D&highlightPostTag=__%2Fais-highlight__&highlightPreTag=__ais-highlight__&maxValuesPerFacet=10&query=iphone&tagFilters=",
        "processingTimeMS": 0,
        "query": "",
      },
      {
        "exhaustiveFacetsCount": true,
        "exhaustiveNbHits": true,
        "hits": [],
        "hitsPerPage": 20,
        "index": "instant_search_price_desc",
        "nbHits": 0,
        "nbPages": 0,
        "page": 0,
        "params": "analytics=false&clickAnalytics=false&facets=brand&highlightPostTag=__%2Fais-highlight__&highlightPreTag=__ais-highlight__&hitsPerPage=0&maxValuesPerFacet=10&page=0&query=iphone",
        "processingTimeMS": 0,
        "query": "",
      },
    ],
    "state": {
      "disjunctiveFacets": [],
      "disjunctiveFacetsRefinements": {},
      "facets": [],
      "facetsExcludes": {},
      "facetsRefinements": {},
      "hierarchicalFacets": [],
      "hierarchicalFacetsRefinements": {},
      "highlightPostTag": "__/ais-highlight__",
      "highlightPreTag": "__ais-highlight__",
      "index": "instant_search_price_desc",
      "numericRefinements": {},
      "tagRefinements": [],
    },
  },
  "instant_search_rating_desc": {
    "results": [
      {
        "exhaustiveFacetsCount": true,
        "exhaustiveNbHits": true,
        "hits": [],
        "hitsPerPage": 20,
        "index": "instant_search_rating_desc",
        "nbHits": 0,
        "nbPages": 0,
        "page": 0,
        "params": "clickAnalytics=true&facetFilters=%5B%5B%22brand%3AApple%22%5D%5D&facets=%5B%22brand%22%5D&highlightPostTag=__%2Fais-highlight__&highlightPreTag=__ais-highlight__&maxValuesPerFacet=10&query=iphone&tagFilters=",
        "processingTimeMS": 0,
        "query": "",
      },
      {
        "exhaustiveFacetsCount": true,
        "exhaustiveNbHits": true,
        "hits": [],
        "hitsPerPage": 20,
        "index": "instant_search_rating_desc",
        "nbHits": 0,
        "nbPages": 0,
        "page": 0,
        "params": "analytics=false&clickAnalytics=false&facets=brand&highlightPostTag=__%2Fais-highlight__&highlightPreTag=__ais-highlight__&hitsPerPage=0&maxValuesPerFacet=10&page=0&query=iphone",
        "processingTimeMS": 0,
        "query": "",
      },
    ],
    "state": {
      "disjunctiveFacets": [],
      "disjunctiveFacetsRefinements": {},
      "facets": [],
      "facetsExcludes": {},
      "facetsRefinements": {},
      "hierarchicalFacets": [],
      "hierarchicalFacetsRefinements": {},
      "highlightPostTag": "__/ais-highlight__",
      "highlightPreTag": "__ais-highlight__",
      "index": "instant_search_rating_desc",
      "numericRefinements": {},
      "tagRefinements": [],
    },
  },
}
`;
